{
  "exclude": {
    "files": "^.secrets.baseline$",
    "lines": null
  },
  "generated_at": "2026-09-15T17:22:54Z",
  "plugins_used": [
    {
      "name": "AWSKeyDetector"
    },
    {
      "name": "ArtifactoryDetector"
    },
    {
      "name": "AzureStorageKeyDetector"
    },
    {
      "base64_limit": 4.5,
      "name": "Base64HighEntropyString"
    },
    {
      "name": "BasicAuthDetector"
    },
    {
      "name": "BoxDetector"
    },
    {
      "name": "CloudantDetector"
    },
    {
      "ghe_instance": "github.ibm.com",
      "name": "GheDetector"
    },
    {
      "name": "GitHubTokenDetector"
    },
    {
      "hex_limit": 3,
      "name": "HexHighEntropyString"
    },
    {
      "name": "IbmCloudIamDetector"
    },
    {
      "name": "IbmCosHmacDetector"
    },
    {
      "name": "JwtTokenDetector"
    },
    {
      "keyword_exclude": null,
      "name": "KeywordDetector"
    },
    {
      "name": "MailchimpDetector"
    },
    {
      "name": "NpmDetector"
    },
    {
      "name": "PrivateKeyDetector"
    },
    {
      "name": "SlackDetector"
    },
    {
      "name": "SoftlayerDetector"
    },
    {
      "name": "SquareOAuthDetector"
    },
    {
      "name": "StripeDetector"
    },
    {
      "name": "TwilioKeyDetector"
    }
  ],
  "results": {
    ".env.example": [
      {
        "hashed_secret": "4dc73741b9473168444fab7e680b439ba69f41ec",
        "is_secret": false,
        "is_verified": false,
        "line_number": 3,
        "type": "Secret Keyword",
        "verified_result": null
      }
    ],
    "package-lock.json": [
      {
        "hashed_secret": "c3056715d6375ab9398baaf6907e8cfea57bcbbb",
        "is_secret": false,
        "is_verified": false,
        "line_number": 25,
        "type": "Base64 High Entropy String",
        "verified_result": null
      },
      {
        "hashed_secret": "6a1911189662b59023c6d2d6d4e1fbc01421b619",
        "is_secret": false,
        "is_verified": false,
        "line_number": 34,
        "type": "Base64 High Entropy String",
        "verified_result": null
      },
      {
        "hashed_secret": "f0332cf204e499da578a781a850185ab9ffbd2d8",
        "is_secret": false,
        "is_verified": false,
        "line_number": 43,
        "type": "Base64 High Entropy String",
        "verified_result": null
      },
      {
        "hashed_secret": "2fd22ba5d2d29e36c19af06a4812aa083592d62b",
        "is_secret": false,
        "is_verified": false,
        "line_number": 58,
        "type": "Base64 High Entropy String",
        "verified_result": null
      },
      {
        "hashed_secret": "caa738d861f4a45fadd8b79f79d1c1745e8c0b27",
        "is_secret": false,
        "is_verified": false,
        "line_number": 71,
        "type": "Base64 High Entropy String",
        "verified_result": null
      },
      {
        "hashed_secret": "41117aa4a8359e48df1c1e69dfb0642434df72be",
        "is_secret": false,
        "is_verified": false,
        "line_number": 77,
        "type": "Base64 High Entropy String",
        "verified_result": null
      },
      {
        "hashed_secret": "295226c58abe304f8c390fee7909842a066b829b",
        "is_secret": false,
        "is_verified": false,
        "line_number": 86,
        "type": "Base64 High Entropy String",
        "verified_result": null
      },
      {
        "hashed_secret": "618a8148c9899b3b6bd69562f235038dc7953718",
        "is_secret": false,
        "is_verified": false,
        "line_number": 95,
        "type": "Base64 High Entropy String",
        "verified_result": null
      },
      {
        "hashed_secret": "1bc86f4c1e696bf43eed909077366b45e99b3ea2",
        "is_secret": false,
        "is_verified": false,
        "line_number": 104,
        "type": "Base64 High Entropy String",
        "verified_result": null
      },
      {
        "hashed_secret": "2c10b352b04c7e3ac3eb280f079fad0d31affca3",
        "is_secret": false,
        "is_verified": false,
        "line_number": 117,
        "type": "Base64 High Entropy String",
        "verified_result": null
      },
      {
        "hashed_secret": "35ca90e5fa9b87427a5ff8b3f333a7b7d45fc260",
        "is_secret": false,
        "is_verified": false,
        "line_number": 129,
        "type": "Base64 High Entropy String",
        "verified_result": null
      },
      {
        "hashed_secret": "d15b82853a984c45aab87399878c98082bac85ba",
        "is_secret": false,
        "is_verified": false,
        "line_number": 138,
        "type": "Base64 High Entropy String",
        "verified_result": null
      },
      {
        "hashed_secret": "05c54c6141410be0e5efa106b46ebfd2513d9e92",
        "is_secret": false,
        "is_verified": false,
        "line_number": 153,
        "type": "Base64 High Entropy String",
        "verified_result": null
      },
      {
        "hashed_secret": "050b0bf3b9ea623b72379de34074860852579830",
        "is_secret": false,
        "is_verified": false,
        "line_number": 159,
        "type": "Base64 High Entropy String",
        "verified_result": null
      },
      {
        "hashed_secret": "32f3b488803c42018d784b4f9585d44709d4e5e3",
        "is_secret": false,
        "is_verified": false,
        "line_number": 165,
        "type": "Base64 High Entropy String",
        "verified_result": null
      },
      {
        "hashed_secret": "a633ecd8b3a0a048cc9192688679cc97c9de1304",
        "is_secret": false,
        "is_verified": false,
        "line_number": 177,
        "type": "Base64 High Entropy String",
        "verified_result": null
      },
      {
        "hashed_secret": "db0b928d581f656ff54df0b12da09fd1ff6a3ee3",
        "is_secret": false,
        "is_verified": false,
        "line_number": 186,
        "type": "Base64 High Entropy String",
        "verified_result": null
      },
      {
        "hashed_secret": "c61921cb03b0d17c9d180fa6d2d765269458f5e9",
        "is_secret": false,
        "is_verified": false,
        "line_number": 223,
        "type": "Base64 High Entropy String",
        "verified_result": null
      },
      {
        "hashed_secret": "09ce1f68022d542bd4b111b2e648b4261e7ea537",
        "is_secret": false,
        "is_verified": false,
        "line_number": 232,
        "type": "Base64 High Entropy String",
        "verified_result": null
      },
      {
        "hashed_secret": "f4713ff6d6ebe4c91eabb4abaa4fff79252287e2",
        "is_secret": false,
        "is_verified": false,
        "line_number": 245,
        "type": "Base64 High Entropy String",
        "verified_result": null
      },
      {
        "hashed_secret": "accd3d42ae3e5a54f5c871a2c507ec4d5955911f",
        "is_secret": false,
        "is_verified": false,
        "line_number": 261,
        "type": "Base64 High Entropy String",
        "verified_result": null
      },
      {
        "hashed_secret": "b54a51a8617b4b13c22519bdd9b97c7f42e2fb13",
        "is_secret": false,
        "is_verified": false,
        "line_number": 270,
        "type": "Base64 High Entropy String",
        "verified_result": null
      },
      {
        "hashed_secret": "09aa5b652da2e32aebb7e4c74e001d604b48033b",
        "is_secret": false,
        "is_verified": false,
        "line_number": 279,
        "type": "Base64 High Entropy String",
        "verified_result": null
      },
      {
        "hashed_secret": "4ed49acfbd180533265d2099f3043963c4a24443",
        "is_secret": false,
        "is_verified": false,
        "line_number": 290,
        "type": "Base64 High Entropy String",
        "verified_result": null
      },
      {
        "hashed_secret": "428e72f71455a785963f1df5f85c26c6d6ae519b",
        "is_secret": false,
        "is_verified": false,
        "line_number": 302,
        "type": "Base64 High Entropy String",
        "verified_result": null
      },
      {
        "hashed_secret": "aa3db9268a30fdb0bbaddb384da242fcccad62bb",
        "is_secret": false,
        "is_verified": false,
        "line_number": 308,
        "type": "Base64 High Entropy String",
        "verified_result": null
      },
      {
        "hashed_secret": "fc3e6d0276a916c7507c61edbcab8f5d5b3ce98d",
        "is_secret": false,
        "is_verified": false,
        "line_number": 318,
        "type": "Base64 High Entropy String",
        "verified_result": null
      },
      {
        "hashed_secret": "7f104c1c37e525afe159a7b26fe2782992e9c896",
        "is_secret": false,
        "is_verified": false,
        "line_number": 331,
        "type": "Base64 High Entropy String",
        "verified_result": null
      },
      {
        "hashed_secret": "42cd07a10482e3b99b503ffc28f3e76e8dd1649c",
        "is_secret": false,
        "is_verified": false,
        "line_number": 340,
        "type": "Base64 High Entropy String",
        "verified_result": null
      },
      {
        "hashed_secret": "a3d7b706688979352d6fcec45453248e46def143",
        "is_secret": false,
        "is_verified": false,
        "line_number": 349,
        "type": "Base64 High Entropy String",
        "verified_result": null
      },
      {
        "hashed_secret": "bca22d885304c2afa501d891bbf2729e98e44aaa",
        "is_secret": false,
        "is_verified": false,
        "line_number": 358,
        "type": "Base64 High Entropy String",
        "verified_result": null
      },
      {
        "hashed_secret": "d45062677e99f28b9a98f4b53e9af8f56b01bb10",
        "is_secret": false,
        "is_verified": false,
        "line_number": 375,
        "type": "Base64 High Entropy String",
        "verified_result": null
      },
      {
        "hashed_secret": "68cbc1a0fb6427b2ec20ed08ece8563357e526de",
        "is_secret": false,
        "is_verified": false,
        "line_number": 392,
        "type": "Base64 High Entropy String",
        "verified_result": null
      },
      {
        "hashed_secret": "c5deff9c59d0e0419952da44431546620804d70e",
        "is_secret": false,
        "is_verified": false,
        "line_number": 401,
        "type": "Base64 High Entropy String",
        "verified_result": null
      },
      {
        "hashed_secret": "3f8db2a27f8e27ad26916e784d7c52997fe4805a",
        "is_secret": false,
        "is_verified": false,
        "line_number": 410,
        "type": "Base64 High Entropy String",
        "verified_result": null
      },
      {
        "hashed_secret": "5ce527ce1f70342652a75a5880bf174268b697e4",
        "is_secret": false,
        "is_verified": false,
        "line_number": 416,
        "type": "Base64 High Entropy String",
        "verified_result": null
      },
      {
        "hashed_secret": "13d4fba9b83a5fa25b7d99f7ac6f82ded42a3c41",
        "is_secret": false,
        "is_verified": false,
        "line_number": 422,
        "type": "Base64 High Entropy String",
        "verified_result": null
      },
      {
        "hashed_secret": "79119667cecad09809c34832b1f2b650b5ccded7",
        "is_secret": false,
        "is_verified": false,
        "line_number": 431,
        "type": "Base64 High Entropy String",
        "verified_result": null
      },
      {
        "hashed_secret": "4d50b55900617c8d08097c03af9667c135c1fc24",
        "is_secret": false,
        "is_verified": false,
        "line_number": 445,
        "type": "Base64 High Entropy String",
        "verified_result": null
      },
      {
        "hashed_secret": "fc7b2f07f919c3f8e20aa78a1756d2bcca252fb9",
        "is_secret": false,
        "is_verified": false,
        "line_number": 451,
        "type": "Base64 High Entropy String",
        "verified_result": null
      },
      {
        "hashed_secret": "2a0c5c01be780688ae4faf4a3e1cb6e48c50dc23",
        "is_secret": false,
        "is_verified": false,
        "line_number": 457,
        "type": "Base64 High Entropy String",
        "verified_result": null
      },
      {
        "hashed_secret": "f400e8fa8e8e3edde99b889c9acf51053379c90e",
        "is_secret": false,
        "is_verified": false,
        "line_number": 466,
        "type": "Base64 High Entropy String",
        "verified_result": null
      },
      {
        "hashed_secret": "76c049e26b1186a15ef5383277801872bfccb3a6",
        "is_secret": false,
        "is_verified": false,
        "line_number": 487,
        "type": "Base64 High Entropy String",
        "verified_result": null
      },
      {
        "hashed_secret": "6d1db030d72c8b03fd95eaeb0266255402f70df5",
        "is_secret": false,
        "is_verified": false,
        "line_number": 539,
        "type": "Base64 High Entropy String",
        "verified_result": null
      },
      {
        "hashed_secret": "cf75ddffbc923b32123e91e069fbcb97ac39c4d9",
        "is_secret": false,
        "is_verified": false,
        "line_number": 548,
        "type": "Base64 High Entropy String",
        "verified_result": null
      },
      {
        "hashed_secret": "3a5216756ea514ee529bd716ec9b6abb95caae43",
        "is_secret": false,
        "is_verified": false,
        "line_number": 557,
        "type": "Base64 High Entropy String",
        "verified_result": null
      },
      {
        "hashed_secret": "cc0394ae9ff7278ac1f8ba8305e06627798ae34b",
        "is_secret": false,
        "is_verified": false,
        "line_number": 569,
        "type": "Base64 High Entropy String",
        "verified_result": null
      },
      {
        "hashed_secret": "3b9b4f0e0dc452a1ab51ff9a7e649171b0b54a70",
        "is_secret": false,
        "is_verified": false,
        "line_number": 575,
        "type": "Base64 High Entropy String",
        "verified_result": null
      },
      {
        "hashed_secret": "9125b8305e09f317a6ff069fca5f8cf2d87ca2de",
        "is_secret": false,
        "is_verified": false,
        "line_number": 584,
        "type": "Base64 High Entropy String",
        "verified_result": null
      },
      {
        "hashed_secret": "40845807d8aee0011201d48f30ee85b915995706",
        "is_secret": false,
        "is_verified": false,
        "line_number": 627,
        "type": "Base64 High Entropy String",
        "verified_result": null
      },
      {
        "hashed_secret": "1785152c56d58dd31a86fa5467b97bc8e5eff2a6",
        "is_secret": false,
        "is_verified": false,
        "line_number": 650,
        "type": "Base64 High Entropy String",
        "verified_result": null
      },
      {
        "hashed_secret": "8e948a3b773d1a2e4b6f4220216efa734315246d",
        "is_secret": false,
        "is_verified": false,
        "line_number": 656,
        "type": "Base64 High Entropy String",
        "verified_result": null
      },
      {
        "hashed_secret": "612b70ad4343adbb09a9cacc2fd28d7a2eae9313",
        "is_secret": false,
        "is_verified": false,
        "line_number": 665,
        "type": "Base64 High Entropy String",
        "verified_result": null
      },
      {
        "hashed_secret": "bdde3f5f154dd07aa1a9cc7cb8284445f4a96f13",
        "is_secret": false,
        "is_verified": false,
        "line_number": 671,
        "type": "Base64 High Entropy String",
        "verified_result": null
      },
      {
        "hashed_secret": "0987509f1737d3768558ac71de7b481f4170f957",
        "is_secret": false,
        "is_verified": false,
        "line_number": 692,
        "type": "Base64 High Entropy String",
        "verified_result": null
      },
      {
        "hashed_secret": "dc9a2ba629796d6ef3323496eb952461f964e115",
        "is_secret": false,
        "is_verified": false,
        "line_number": 705,
        "type": "Base64 High Entropy String",
        "verified_result": null
      },
      {
        "hashed_secret": "371ae1be6e9a6c28e234230c2d27dfcbb4fde3ac",
        "is_secret": false,
        "is_verified": false,
        "line_number": 714,
        "type": "Base64 High Entropy String",
        "verified_result": null
      },
      {
        "hashed_secret": "e7f54899a1654525fbfb1d8c3ac44d632f655af1",
        "is_secret": false,
        "is_verified": false,
        "line_number": 723,
        "type": "Base64 High Entropy String",
        "verified_result": null
      },
      {
        "hashed_secret": "184476d985c0d799b82544165cb4d456129f594c",
        "is_secret": false,
        "is_verified": false,
        "line_number": 732,
        "type": "Base64 High Entropy String",
        "verified_result": null
      },
      {
        "hashed_secret": "4cd3a1b109eb67acf1557141e83880899d18eaea",
        "is_secret": false,
        "is_verified": false,
        "line_number": 741,
        "type": "Base64 High Entropy String",
        "verified_result": null
      },
      {
        "hashed_secret": "5a4d96497ba98531c9c36ced1d043fbd8c535eff",
        "is_secret": false,
        "is_verified": false,
        "line_number": 765,
        "type": "Base64 High Entropy String",
        "verified_result": null
      },
      {
        "hashed_secret": "979e2a14e4576c62a9748d7466bfa7f4f3a0620d",
        "is_secret": false,
        "is_verified": false,
        "line_number": 778,
        "type": "Base64 High Entropy String",
        "verified_result": null
      },
      {
        "hashed_secret": "0d97c7fe1c124e07eb8bba42a86419c083ba0591",
        "is_secret": false,
        "is_verified": false,
        "line_number": 790,
        "type": "Base64 High Entropy String",
        "verified_result": null
      },
      {
        "hashed_secret": "e07f2c68e0fe6abfac19da4e9dd0c81669de7078",
        "is_secret": false,
        "is_verified": false,
        "line_number": 802,
        "type": "Base64 High Entropy String",
        "verified_result": null
      },
      {
        "hashed_secret": "b2cf47f1b9fba7e27a7f8d660b18e6b5f44b96c3",
        "is_secret": false,
        "is_verified": false,
        "line_number": 817,
        "type": "Base64 High Entropy String",
        "verified_result": null
      },
      {
        "hashed_secret": "9bad76463ceffd240ee9bd95c3faa98c0a4b94d0",
        "is_secret": false,
        "is_verified": false,
        "line_number": 829,
        "type": "Base64 High Entropy String",
        "verified_result": null
      },
      {
        "hashed_secret": "77865bbbd5e043e7b930d7475b9269cbd144fbb6",
        "is_secret": false,
        "is_verified": false,
        "line_number": 849,
        "type": "Base64 High Entropy String",
        "verified_result": null
      },
      {
        "hashed_secret": "cf09cb791688fe019284bfdc362abc41918645a5",
        "is_secret": false,
        "is_verified": false,
        "line_number": 865,
        "type": "Base64 High Entropy String",
        "verified_result": null
      },
      {
        "hashed_secret": "89b283ab50bf537dfbd64a59830fb7dda89eb546",
        "is_secret": false,
        "is_verified": false,
        "line_number": 871,
        "type": "Base64 High Entropy String",
        "verified_result": null
      },
      {
        "hashed_secret": "592c1959e16609b3bc8e9456586cee05d7305404",
        "is_secret": false,
        "is_verified": false,
        "line_number": 880,
        "type": "Base64 High Entropy String",
        "verified_result": null
      },
      {
        "hashed_secret": "9c97b56d22cdf88f3535dd8f847d8849efd67fa0",
        "is_secret": false,
        "is_verified": false,
        "line_number": 895,
        "type": "Base64 High Entropy String",
        "verified_result": null
      },
      {
        "hashed_secret": "d5ec021cbb92c3486e38fac176f4f59a6c1d92e8",
        "is_secret": false,
        "is_verified": false,
        "line_number": 905,
        "type": "Base64 High Entropy String",
        "verified_result": null
      },
      {
        "hashed_secret": "8de51847fa6d88613e74e9f1fc9baf96cb1b8158",
        "is_secret": false,
        "is_verified": false,
        "line_number": 914,
        "type": "Base64 High Entropy String",
        "verified_result": null
      },
      {
        "hashed_secret": "49f6e9d43cadb9b9c956ec2fd3722009a8222abb",
        "is_secret": false,
        "is_verified": false,
        "line_number": 920,
        "type": "Base64 High Entropy String",
        "verified_result": null
      },
      {
        "hashed_secret": "c5184cbe833e16c91d6cdbeca531e4296b9da74f",
        "is_secret": false,
        "is_verified": false,
        "line_number": 938,
        "type": "Base64 High Entropy String",
        "verified_result": null
      },
      {
        "hashed_secret": "bf9707f679cfc4d2b9e76afc99188d2f3eebe84f",
        "is_secret": false,
        "is_verified": false,
        "line_number": 947,
        "type": "Base64 High Entropy String",
        "verified_result": null
      },
      {
        "hashed_secret": "634e7bdaad36f49f0c3bae7f4f4624ee465808e5",
        "is_secret": false,
        "is_verified": false,
        "line_number": 953,
        "type": "Base64 High Entropy String",
        "verified_result": null
      },
      {
        "hashed_secret": "e24a8cec071d865526b863f7dc34bd49679f7a29",
        "is_secret": false,
        "is_verified": false,
        "line_number": 963,
        "type": "Base64 High Entropy String",
        "verified_result": null
      },
      {
        "hashed_secret": "d7cdb9c755d36ef6bba01ff385c215194d07c523",
        "is_secret": false,
        "is_verified": false,
        "line_number": 975,
        "type": "Base64 High Entropy String",
        "verified_result": null
      },
      {
        "hashed_secret": "87ae5db459dbd9fe4157473b016ae5ff5ef0f4ed",
        "is_secret": false,
        "is_verified": false,
        "line_number": 987,
        "type": "Base64 High Entropy String",
        "verified_result": null
      },
      {
        "hashed_secret": "bb291d5526bcedfa5ad856767679a2d38ed4b542",
        "is_secret": false,
        "is_verified": false,
        "line_number": 996,
        "type": "Base64 High Entropy String",
        "verified_result": null
      },
      {
        "hashed_secret": "05543ea5a6b86dcc7da86fe1d76d058f9b4cf27d",
        "is_secret": false,
        "is_verified": false,
        "line_number": 1009,
        "type": "Base64 High Entropy String",
        "verified_result": null
      },
      {
        "hashed_secret": "9e05a6588b71fa0fc16197582d59d740f63b9104",
        "is_secret": false,
        "is_verified": false,
        "line_number": 1021,
        "type": "Base64 High Entropy String",
        "verified_result": null
      },
      {
        "hashed_secret": "7d8b76254bae20f2e448a23f362a29cc85d2a218",
        "is_secret": false,
        "is_verified": false,
        "line_number": 1030,
        "type": "Base64 High Entropy String",
        "verified_result": null
      },
      {
        "hashed_secret": "805d9656080308c11cde7cb7f0310e12c7e60c48",
        "is_secret": false,
        "is_verified": false,
        "line_number": 1046,
        "type": "Base64 High Entropy String",
        "verified_result": null
      },
      {
        "hashed_secret": "28a4911e95b4e5c8ba05b81195067bcaaa69e93c",
        "is_secret": false,
        "is_verified": false,
        "line_number": 1052,
        "type": "Base64 High Entropy String",
        "verified_result": null
      },
      {
        "hashed_secret": "98078dfa2e5eacbaaf0136d3fb1d15facb5b1248",
        "is_secret": false,
        "is_verified": false,
        "line_number": 1061,
        "type": "Base64 High Entropy String",
        "verified_result": null
      },
      {
        "hashed_secret": "bfa89e1607d2248db3523f241a0e9eb543cd0061",
        "is_secret": false,
        "is_verified": false,
        "line_number": 1070,
        "type": "Base64 High Entropy String",
        "verified_result": null
      },
      {
        "hashed_secret": "63d9b233c4c6726db3eea4d792836aefd414617f",
        "is_secret": false,
        "is_verified": false,
        "line_number": 1079,
        "type": "Base64 High Entropy String",
        "verified_result": null
      },
      {
        "hashed_secret": "0817713c3585298fbb156482ffc6787018397167",
        "is_secret": false,
        "is_verified": false,
        "line_number": 1088,
        "type": "Base64 High Entropy String",
        "verified_result": null
      },
      {
        "hashed_secret": "46a4c4dbd946b3ee42ec76aba7a1d303e777898a",
        "is_secret": false,
        "is_verified": false,
        "line_number": 1100,
        "type": "Base64 High Entropy String",
        "verified_result": null
      },
      {
        "hashed_secret": "1fd960f79ff7ccd39310bfdf81fba2b2663b71d0",
        "is_secret": false,
        "is_verified": false,
        "line_number": 1109,
        "type": "Base64 High Entropy String",
        "verified_result": null
      },
      {
        "hashed_secret": "a69f1660c6a7194aaa3b5f1866d30ed70ced7a9a",
        "is_secret": false,
        "is_verified": false,
        "line_number": 1121,
        "type": "Base64 High Entropy String",
        "verified_result": null
      },
      {
        "hashed_secret": "38c97b06ca380ec6b537fb959634cd6042e47cea",
        "is_secret": false,
        "is_verified": false,
        "line_number": 1130,
        "type": "Base64 High Entropy String",
        "verified_result": null
      },
      {
        "hashed_secret": "3aa35059d780607f079265259fc76628fa92d479",
        "is_secret": false,
        "is_verified": false,
        "line_number": 1139,
        "type": "Base64 High Entropy String",
        "verified_result": null
      },
      {
        "hashed_secret": "95a1f1449148121ac6b0cdc457dc80b86eb16ef7",
        "is_secret": false,
        "is_verified": false,
        "line_number": 1154,
        "type": "Base64 High Entropy String",
        "verified_result": null
      },
      {
        "hashed_secret": "b1655f0436ed02542ddf34e65e9897e59633b752",
        "is_secret": false,
        "is_verified": false,
        "line_number": 1169,
        "type": "Base64 High Entropy String",
        "verified_result": null
      },
      {
        "hashed_secret": "c9a0f70271023a1b82d44b6544c32f834098c007",
        "is_secret": false,
        "is_verified": false,
        "line_number": 1181,
        "type": "Base64 High Entropy String",
        "verified_result": null
      },
      {
        "hashed_secret": "ae745d719f97b3ddb9791348b1f29ff8208c0c5c",
        "is_secret": false,
        "is_verified": false,
        "line_number": 1190,
        "type": "Base64 High Entropy String",
        "verified_result": null
      },
      {
        "hashed_secret": "533573708ed3eabce514432cd26d532218222659",
        "is_secret": false,
        "is_verified": false,
        "line_number": 1199,
        "type": "Base64 High Entropy String",
        "verified_result": null
      },
      {
        "hashed_secret": "e159739ed2c59133b3d3012a0a2e1aa4dab506c8",
        "is_secret": false,
        "is_verified": false,
        "line_number": 1208,
        "type": "Base64 High Entropy String",
        "verified_result": null
      },
      {
        "hashed_secret": "089bf5b86a95ff80574d8d2cc80299d0ad9a30d4",
        "is_secret": false,
        "is_verified": false,
        "line_number": 1214,
        "type": "Base64 High Entropy String",
        "verified_result": null
      },
      {
        "hashed_secret": "19b76db19ca4e56c728f1d507171af274d8a5120",
        "is_secret": false,
        "is_verified": false,
        "line_number": 1224,
        "type": "Base64 High Entropy String",
        "verified_result": null
      },
      {
        "hashed_secret": "6d1c4fb7b412e4c35c3b31c8f8f4ba51c0cd4482",
        "is_secret": false,
        "is_verified": false,
        "line_number": 1233,
        "type": "Base64 High Entropy String",
        "verified_result": null
      },
      {
        "hashed_secret": "2a416cdbfc3b4651a6d04d447938ace3ff9c7b6a",
        "is_secret": false,
        "is_verified": false,
        "line_number": 1242,
        "type": "Base64 High Entropy String",
        "verified_result": null
      },
      {
        "hashed_secret": "1da7c1081ec7790a5a5b97c6872f78942cdda763",
        "is_secret": false,
        "is_verified": false,
        "line_number": 1255,
        "type": "Base64 High Entropy String",
        "verified_result": null
      },
      {
        "hashed_secret": "fa6e26e097aa927d44273d247487fda71dbc67ed",
        "is_secret": false,
        "is_verified": false,
        "line_number": 1271,
        "type": "Base64 High Entropy String",
        "verified_result": null
      },
      {
        "hashed_secret": "70ab5a28361c2329a7ad5f19d41da36b32e33793",
        "is_secret": false,
        "is_verified": false,
        "line_number": 1282,
        "type": "Base64 High Entropy String",
        "verified_result": null
      },
      {
        "hashed_secret": "53e61e0a614cbbe2c2d713fd4c5012ac1080628d",
        "is_secret": false,
        "is_verified": false,
        "line_number": 1298,
        "type": "Base64 High Entropy String",
        "verified_result": null
      },
      {
        "hashed_secret": "7fb336f12b20238b4257456bb88f15682dd59cb2",
        "is_secret": false,
        "is_verified": false,
        "line_number": 1304,
        "type": "Base64 High Entropy String",
        "verified_result": null
      },
      {
        "hashed_secret": "da46d80d6dfa593c589eebccd5be7b19d29111e0",
        "is_secret": false,
        "is_verified": false,
        "line_number": 1317,
        "type": "Base64 High Entropy String",
        "verified_result": null
      },
      {
        "hashed_secret": "00195a8a7d0081fc742a9e294b0d5ddad9462a1a",
        "is_secret": false,
        "is_verified": false,
        "line_number": 1328,
        "type": "Base64 High Entropy String",
        "verified_result": null
      },
      {
        "hashed_secret": "e26de68abcde1628108ba1f67bd6bcd51b5bf624",
        "is_secret": false,
        "is_verified": false,
        "line_number": 1338,
        "type": "Base64 High Entropy String",
        "verified_result": null
      },
      {
        "hashed_secret": "669f584631e958ccb62abefb3b9fad200d368743",
        "is_secret": false,
        "is_verified": false,
        "line_number": 1348,
        "type": "Base64 High Entropy String",
        "verified_result": null
      },
      {
        "hashed_secret": "6eedaa79fa626b4eece947e29ff4b8432a94bd95",
        "is_secret": false,
        "is_verified": false,
        "line_number": 1358,
        "type": "Base64 High Entropy String",
        "verified_result": null
      },
      {
        "hashed_secret": "c7ca39bd62365bc9c0e240a40834f8a62bb4c75b",
        "is_secret": false,
        "is_verified": false,
        "line_number": 1364,
        "type": "Base64 High Entropy String",
        "verified_result": null
      },
      {
        "hashed_secret": "d6ec8b4466b0be82a2159fbf9f14ad8340490f6e",
        "is_secret": false,
        "is_verified": false,
        "line_number": 1373,
        "type": "Base64 High Entropy String",
        "verified_result": null
      },
      {
        "hashed_secret": "eab2c9ea4ca40a9c14a8cfc2c1b65a6285115ca1",
        "is_secret": false,
        "is_verified": false,
        "line_number": 1379,
        "type": "Base64 High Entropy String",
        "verified_result": null
      },
      {
        "hashed_secret": "80efaefdd25eda731c0c54f14593d2c8419090b7",
        "is_secret": false,
        "is_verified": false,
        "line_number": 1396,
        "type": "Base64 High Entropy String",
        "verified_result": null
      },
      {
        "hashed_secret": "dd9bf7794e25e9374968affd7996481b1d2287fc",
        "is_secret": false,
        "is_verified": false,
        "line_number": 1412,
        "type": "Base64 High Entropy String",
        "verified_result": null
      },
      {
        "hashed_secret": "2a0eaeefba4328468e1262fd3ee2587a08e36f5d",
        "is_secret": false,
        "is_verified": false,
        "line_number": 1421,
        "type": "Base64 High Entropy String",
        "verified_result": null
      },
      {
        "hashed_secret": "561e981d02aef12c204c251465ad1b948304290b",
        "is_secret": false,
        "is_verified": false,
        "line_number": 1434,
        "type": "Base64 High Entropy String",
        "verified_result": null
      },
      {
        "hashed_secret": "3c48660b66db6687c2ba1b7ffbac279614eead6e",
        "is_secret": false,
        "is_verified": false,
        "line_number": 1449,
        "type": "Base64 High Entropy String",
        "verified_result": null
      },
      {
        "hashed_secret": "bea46b2b95add66abfaccce2da1e5de886694fb5",
        "is_secret": false,
        "is_verified": false,
        "line_number": 1458,
        "type": "Base64 High Entropy String",
        "verified_result": null
      },
      {
        "hashed_secret": "ae9c159171e84094834f9918b5a39ce738e36f91",
        "is_secret": false,
        "is_verified": false,
        "line_number": 1464,
        "type": "Base64 High Entropy String",
        "verified_result": null
      },
      {
        "hashed_secret": "b32349f0840e65cfeccabeedf71720fc46181788",
        "is_secret": false,
        "is_verified": false,
        "line_number": 1485,
        "type": "Base64 High Entropy String",
        "verified_result": null
      },
      {
        "hashed_secret": "a50afa3db8185bad21f9085b9a2a2c424c59f25c",
        "is_secret": false,
        "is_verified": false,
        "line_number": 1501,
        "type": "Base64 High Entropy String",
        "verified_result": null
      },
      {
        "hashed_secret": "dab00d860d09dd9092b16718edd82bb24a6a21e9",
        "is_secret": false,
        "is_verified": false,
        "line_number": 1507,
        "type": "Base64 High Entropy String",
        "verified_result": null
      },
      {
        "hashed_secret": "1508bbaf29927b5348d4df62823dab122a0d3b48",
        "is_secret": false,
        "is_verified": false,
        "line_number": 1527,
        "type": "Base64 High Entropy String",
        "verified_result": null
      },
      {
        "hashed_secret": "9e0e3c72c24783dafff5dac8410c66cebf28d4bf",
        "is_secret": false,
        "is_verified": false,
        "line_number": 1533,
        "type": "Base64 High Entropy String",
        "verified_result": null
      },
      {
        "hashed_secret": "6efd4c3d7c1593132500d4c48420eb97a35b1072",
        "is_secret": false,
        "is_verified": false,
        "line_number": 1559,
        "type": "Base64 High Entropy String",
        "verified_result": null
      },
      {
        "hashed_secret": "b21e5cceef8c5745aa466e8c3a789c06b952faee",
        "is_secret": false,
        "is_verified": false,
        "line_number": 1578,
        "type": "Base64 High Entropy String",
        "verified_result": null
      },
      {
        "hashed_secret": "bae67d3ce231086fba18abc7365c94878f900c14",
        "is_secret": false,
        "is_verified": false,
        "line_number": 1584,
        "type": "Base64 High Entropy String",
        "verified_result": null
      },
      {
        "hashed_secret": "350fbf4f9a7c96ca283a9ccd3a9ce44242e8926b",
        "is_secret": false,
        "is_verified": false,
        "line_number": 1590,
        "type": "Base64 High Entropy String",
        "verified_result": null
      },
      {
        "hashed_secret": "23b4f3719d74b972c8f8cbdd8144a9b9a1af395e",
        "is_secret": false,
        "is_verified": false,
        "line_number": 1609,
        "type": "Base64 High Entropy String",
        "verified_result": null
      },
      {
        "hashed_secret": "7cdaa4e52326d9a81d36d211cd26c2d7a9fc69e1",
        "is_secret": false,
        "is_verified": false,
        "line_number": 1625,
        "type": "Base64 High Entropy String",
        "verified_result": null
      },
      {
        "hashed_secret": "6a66a6ffc1f1c2f31ec1c5c694938bedbae39c02",
        "is_secret": false,
        "is_verified": false,
        "line_number": 1643,
        "type": "Base64 High Entropy String",
        "verified_result": null
      },
      {
        "hashed_secret": "2cdddfd2a8efee4a9eaaff867c801818345496e9",
        "is_secret": false,
        "is_verified": false,
        "line_number": 1662,
        "type": "Base64 High Entropy String",
        "verified_result": null
      },
      {
        "hashed_secret": "28a74f56374f3175b746835d4e47f99733a8f073",
        "is_secret": false,
        "is_verified": false,
        "line_number": 1680,
        "type": "Base64 High Entropy String",
        "verified_result": null
      },
      {
        "hashed_secret": "237cf7a10c2f630ea085fc074ef11e87de5319dd",
        "is_secret": false,
        "is_verified": false,
        "line_number": 1690,
        "type": "Base64 High Entropy String",
        "verified_result": null
      },
      {
        "hashed_secret": "89c31fa0d6838019bc29341b448d189aa712045b",
        "is_secret": false,
        "is_verified": false,
        "line_number": 1703,
        "type": "Base64 High Entropy String",
        "verified_result": null
      },
      {
        "hashed_secret": "838abb1331a160bdd441c25a2a2d44332ee8694b",
        "is_secret": false,
        "is_verified": false,
        "line_number": 1716,
        "type": "Base64 High Entropy String",
        "verified_result": null
      },
      {
        "hashed_secret": "e6525dbd438fc8858b0d56c59d164f403792ba1e",
        "is_secret": false,
        "is_verified": false,
        "line_number": 1725,
        "type": "Base64 High Entropy String",
        "verified_result": null
      },
      {
        "hashed_secret": "4882a3f560bc1bf6d57e2e0d1bf68d2568e76dae",
        "is_secret": false,
        "is_verified": false,
        "line_number": 1737,
        "type": "Base64 High Entropy String",
        "verified_result": null
      },
      {
        "hashed_secret": "4dcc5c09923b9c0c9014f1f416f58aed8360e584",
        "is_secret": false,
        "is_verified": false,
        "line_number": 1746,
        "type": "Base64 High Entropy String",
        "verified_result": null
      },
      {
        "hashed_secret": "bdaf8b094715fef6fc9d26c411bc0f51e1f4d6bd",
        "is_secret": false,
        "is_verified": false,
        "line_number": 1755,
        "type": "Base64 High Entropy String",
        "verified_result": null
      },
      {
        "hashed_secret": "4c8a960439864672cef22edf28a40c8a3749ed68",
        "is_secret": false,
        "is_verified": false,
        "line_number": 1769,
        "type": "Base64 High Entropy String",
        "verified_result": null
      },
      {
        "hashed_secret": "b5ff241f1dfeac7af202ffcfa8df6b14badc21d5",
        "is_secret": false,
        "is_verified": false,
        "line_number": 1781,
        "type": "Base64 High Entropy String",
        "verified_result": null
      },
      {
        "hashed_secret": "a6d813aa7164341218d80a2b625ff1b254fa10c3",
        "is_secret": false,
        "is_verified": false,
        "line_number": 1793,
        "type": "Base64 High Entropy String",
        "verified_result": null
      },
      {
        "hashed_secret": "d574e5e19039bf2eda1800ae2c26a06269739c64",
        "is_secret": false,
        "is_verified": false,
        "line_number": 1802,
        "type": "Base64 High Entropy String",
        "verified_result": null
      },
      {
        "hashed_secret": "d9931091f6d53d0d1fde15d97f2d62646eb8cf67",
        "is_secret": false,
        "is_verified": false,
        "line_number": 1808,
        "type": "Base64 High Entropy String",
        "verified_result": null
      },
      {
        "hashed_secret": "301e2e72f9338b58572c276040cba0298e33ea10",
        "is_secret": false,
        "is_verified": false,
        "line_number": 1826,
        "type": "Base64 High Entropy String",
        "verified_result": null
      },
      {
        "hashed_secret": "a1632381029d0f73d29451e6877996e80895c98f",
        "is_secret": false,
        "is_verified": false,
        "line_number": 1839,
        "type": "Base64 High Entropy String",
        "verified_result": null
      },
      {
        "hashed_secret": "b5b0fe92fb58f4f486d0b09be67ea61cbdb51003",
        "is_secret": false,
        "is_verified": false,
        "line_number": 1851,
        "type": "Base64 High Entropy String",
        "verified_result": null
      },
      {
        "hashed_secret": "292b56ccb1313ea50f4d1bf0efc7f2b04670fe73",
        "is_secret": false,
        "is_verified": false,
        "line_number": 1857,
        "type": "Base64 High Entropy String",
        "verified_result": null
      },
      {
        "hashed_secret": "f436e5e80e3407aed61c6a5d0463a46e0da536d8",
        "is_secret": false,
        "is_verified": false,
        "line_number": 1866,
        "type": "Base64 High Entropy String",
        "verified_result": null
      },
      {
        "hashed_secret": "dd51ca2f678d6ccd89db00975a12310f25b33c3e",
        "is_secret": false,
        "is_verified": false,
        "line_number": 1875,
        "type": "Base64 High Entropy String",
        "verified_result": null
      },
      {
        "hashed_secret": "5dbce722d26eb9398dda27489159c4a81e846970",
        "is_secret": false,
        "is_verified": false,
        "line_number": 1884,
        "type": "Base64 High Entropy String",
        "verified_result": null
      },
      {
        "hashed_secret": "93027f15d542ac6cf38a49876f93b2d217d39633",
        "is_secret": false,
        "is_verified": false,
        "line_number": 1890,
        "type": "Base64 High Entropy String",
        "verified_result": null
      },
      {
        "hashed_secret": "e8052d6a30f5c788cee736b595d620d412596dc8",
        "is_secret": false,
        "is_verified": false,
        "line_number": 1905,
        "type": "Base64 High Entropy String",
        "verified_result": null
      },
      {
        "hashed_secret": "c1a38efe10a08cb343b44ec85e4f991fa64e0dc8",
        "is_secret": false,
        "is_verified": false,
        "line_number": 1919,
        "type": "Base64 High Entropy String",
        "verified_result": null
      },
      {
        "hashed_secret": "5710ebd93f65545b849129362cc5dd7dafa9fa5d",
        "is_secret": false,
        "is_verified": false,
        "line_number": 1925,
        "type": "Base64 High Entropy String",
        "verified_result": null
      },
      {
        "hashed_secret": "0021cf54212d30c9ef46b23c34991e64946c5597",
        "is_secret": false,
        "is_verified": false,
        "line_number": 1946,
        "type": "Base64 High Entropy String",
        "verified_result": null
      },
      {
        "hashed_secret": "03edbe2e35e4244d03ec1f59ae4b9e86cb180365",
        "is_secret": false,
        "is_verified": false,
        "line_number": 1952,
        "type": "Base64 High Entropy String",
        "verified_result": null
      },
      {
        "hashed_secret": "53eb81011e58d13ba36abf0a63335aadd4018a92",
        "is_secret": false,
        "is_verified": false,
        "line_number": 1958,
        "type": "Base64 High Entropy String",
        "verified_result": null
      },
      {
        "hashed_secret": "0ad40d6a99fdd6f026cd1120a37163524352022e",
        "is_secret": false,
        "is_verified": false,
        "line_number": 1980,
        "type": "Base64 High Entropy String",
        "verified_result": null
      }
    ],
    "server.js": [
      {
        "hashed_secret": "5c5a15a8b0b3e154d77746945e563ba40100681b",
        "is_secret": false,
        "is_verified": false,
        "line_number": 31,
        "type": "Secret Keyword",
        "verified_result": null
      },
      {
        "hashed_secret": "018096f5859c35e3060b4cb8fcbe37f53f9f7b7b",
        "is_secret": false,
        "is_verified": false,
        "line_number": 182,
        "type": "Secret Keyword",
        "verified_result": null
      }
    ],
    "views/layout.pug": [
      {
        "hashed_secret": "ff6a9ad30c7e6de6a45f172b336eb743a4e38750",
        "is_secret": false,
        "is_verified": false,
        "line_number": 4,
        "type": "Base64 High Entropy String",
        "verified_result": null
      }
    ]
  },
  "version": "0.13.1+ibm.64.dss",
  "word_list": {
    "file": null,
    "hash": null
  }
}
